xdd.Linux: xdd_schedule_options: You must be super user to lock processes
IOIOIOIOIOIOIOIOIOIOI XDD version Linux.7.0.0.rc6.122109.Build.1315 based on Linux.7.0.0.rc6.121409.Build.1614 IOIOIOIOIOIOIOIOIOIOIOI
xdd - I/O Performance Inc., US DoE/DoD Extreme Scale Systems Center <ESSC> at Oak Ridge National Labs <ORNL> - Copyright 1992-2010

XDD DISCLAIMER:
 *** >>>> WARNING <<<<
 *** THIS PROGRAM CAN DESTROY DATA
 *** USE AT YOUR OWN RISK
 *** IOPERFORMANCE and/or THE AUTHORS ARE NOT LIABLE FOR
 *** >>>> ANYTHING BAD <<<<
 **** THAT HAPPENS WHEN YOU RUN THIS PROGRAM
     ...although we will take credit for anything good that happens
     but we are not *liable* for that either.


Starting time for this run, Mon Dec 21 15:32:12 2009

ID for this run, 'No ID Specified'
Maximum Process Priority, disabled
Passes, 1
Pass Delay in seconds, 0
Maximum Error Threshold, 0
Target Offset, 0
I/O Synchronization, 0
Total run-time limit in seconds, 0
Output file name, stdout
CSV output file name, 
Error output file name, stderr
Pass synchronization barriers, enabled
Number of Targets, 1
Number of I/O Threads, 1

Computer Name, dtn01.ccs.ornl.gov, User Name, bws
OS release and version, Linux 2.6.18-92.1.17.el5_lustre.1.6.7smp #1 SMP Mon Feb 9 19:56:55 MST 2009
Machine hardware type, x86_64
Number of processors on this system, 8
Page size in bytes, 4096
Number of physical pages, 6172047
Megabytes of physical memory, 24109
Clock Ticks per second, 100
Seconds before starting, 0
xdd.Linux: (0): xdd_open_target: NOTICE: target /tmp/work/bws/datafiles/oddsize_file does not exist so it will be created.
(PID 22679) xdd.Linux: You must run as superuser to lock memory for RW BUFFER
	Target[0] Q[0], /tmp/work/bws/datafiles/oddsize_file
		Target directory, "./"
		Process ID, 22679
		Thread ID, 22680
		Processor, all/any
		Read/write ratio,  0.00, 100.00
		Throttle in MB/sec,   0.00
		Per-pass time limit in seconds, 0
		Pass seek randomization, disabled
		File write synchronization, disabled
		Blocksize in bytes, 1024
		Request size, 128, blocks, 131072, bytes
		Start offset, 0
		Flushwrite interval, 0
		Number of Bytes, 0, of 1977777777, total Bytes to transfer
		Pass Offset in blocks, 0
		I/O memory buffer is a normal memory buffer
		I/O memory buffer alignment in bytes, 4096
		Data pattern in buffer,random 		Data buffer verification is disabled.
		Direct I/O, disabled
		Seek pattern, sequential
		Seek range, 1048576
		Preallocation, 0
		Queue Depth, 1
		Timestamping, disabled
		Delete file, disabled

   What               Pass  Target   Queue     Bytes_Xfered         Ops     Elapsed  Bandwidth       IOPS   Latency   Pct_CPU  Op_Type    Xfer_Size 
    UNITS>>      Number  Number  Number            Bytes        #ops     seconds   MBytes/s      Ops/s  millisec   percent     text        bytes 
 COMBINED             1       1       1       1977777777       15090     229.039      8.635     65.884    15.178    99.952    write       131072 
Ending time for this run, Mon Dec 21 15:36:01 2009

adding +E2ESRTIME+E2EIOTIME+E2EPERCENTSRTIME  to format string
IOIOIOIOIOIOIOIOIOIOI XDD version Linux.7.0.0.rc6.122109.Build.1315 based on Linux.7.0.0.rc6.121409.Build.1614 IOIOIOIOIOIOIOIOIOIOIOI
xdd - I/O Performance Inc., US DoE/DoD Extreme Scale Systems Center <ESSC> at Oak Ridge National Labs <ORNL> - Copyright 1992-2010

XDD DISCLAIMER:
 *** >>>> WARNING <<<<
 *** THIS PROGRAM CAN DESTROY DATA
 *** USE AT YOUR OWN RISK
 *** IOPERFORMANCE and/or THE AUTHORS ARE NOT LIABLE FOR
 *** >>>> ANYTHING BAD <<<<
 **** THAT HAPPENS WHEN YOU RUN THIS PROGRAM
     ...although we will take credit for anything good that happens
     but we are not *liable* for that either.


Starting time for this run, Mon Dec 21 15:36:01 2009

ID for this run, 'No ID Specified'
Maximum Process Priority, disabled
Passes, 1
Pass Delay in seconds, 0
Maximum Error Threshold, 0
Target Offset, 0
I/O Synchronization, 0
Total run-time limit in seconds, 0
Output file name, stdout
CSV output file name, 
Error output file name, stderr
Pass synchronization barriers, enabled
Number of Targets, 1
Number of I/O Threads, 10

Computer Name, dtn01.ccs.ornl.gov, User Name, ***unknown user login***
OS release and version, Linux 2.6.18-92.1.17.el5_lustre.1.6.7smp #1 SMP Mon Feb 9 19:56:55 MST 2009
Machine hardware type, x86_64
Number of processors on this system, 8
Page size in bytes, 4096
Number of physical pages, 6172047
Megabytes of physical memory, 24109
Clock Ticks per second, 100
Seconds before starting, 0
Starting now...
	Target[0] Q[0], /tmp/work/bws/datafiles/oddsize_file
		Target directory, "./"
		Process ID, 26571
		Thread ID, 26572
		Processor, all/any
		Read/write ratio, 100.00,  0.00
		Throttle in MB/sec,   0.00
		Per-pass time limit in seconds, 0
		Pass seek randomization, disabled
		File write synchronization, disabled
		Blocksize in bytes, 1024
		Request size, 16384, blocks, 16777216, bytes
		Start offset, 0
		Flushwrite interval, 0
		Number of Bytes, 0, of 1977777777, total Bytes to transfer
		Pass Offset in blocks, 0
		I/O memory buffer is a normal memory buffer
		I/O memory buffer alignment in bytes, 4096
		Data pattern in buffer,0x00
		Data buffer verification is disabled.
		Direct I/O, disabled
		Seek pattern, queued_interleaved
		Seek range, 1048576
		Preallocation, 0
		Queue Depth, 10
		Timestamping, disabled
		Delete file, disabled
		End-to-End ACTIVE: this target is the SOURCE side
		End-to-End Destination Address is 128.219.141.51 using port 40010 of ports 40010 thru 40019

Starting now...
Starting now...
Starting now...
Starting now...
Starting now...
Starting now...
Starting now...
Starting now...
Starting now...
XDD Timer Calibration Info: Average time to get time stamp=260000 nanoseconds
XDD Timer Calibration Info: Average time to get time stamp=260000 nanoseconds
XDD Timer Calibration Info: Average time to get time stamp=260000 nanoseconds
XDD Timer Calibration Info: Average time to get time stamp=260000 nanoseconds
XDD Timer Calibration Info: Average time to get time stamp=260000 nanoseconds
XDD Timer Calibration Info: Average time to get time stamp=260000 nanoseconds
XDD Timer Calibration Info: Average time to get time stamp=270000 nanoseconds
XDD Timer Calibration Info: Average time to get time stamp=270000 nanoseconds
XDD Timer Calibration Info: Average time to get time stamp=260000 nanoseconds
XDD Timer Calibration Info: Average time to get time stamp=260000 nanoseconds
XDD Timer Calibration Info: Requested sleep time in nanoseconds=1000, Actual sleep time in nanoseconds=808
XDD Timer Calibration Info: Requested sleep time in nanoseconds=1000, Actual sleep time in nanoseconds=820
XDD Timer Calibration Info: Requested sleep time in nanoseconds=1000, Actual sleep time in nanoseconds=741
XDD Timer Calibration Info: Requested sleep time in nanoseconds=1000, Actual sleep time in nanoseconds=712
XDD Timer Calibration Info: Requested sleep time in nanoseconds=1000, Actual sleep time in nanoseconds=784
XDD Timer Calibration Info: Requested sleep time in nanoseconds=1000, Actual sleep time in nanoseconds=686
XDD Timer Calibration Info: Requested sleep time in nanoseconds=1000, Actual sleep time in nanoseconds=758
XDD Timer Calibration Info: Requested sleep time in nanoseconds=1000, Actual sleep time in nanoseconds=770
XDD Timer Calibration Info: Requested sleep time in nanoseconds=1000, Actual sleep time in nanoseconds=729
XDD Timer Calibration Info: Requested sleep time in nanoseconds=1000, Actual sleep time in nanoseconds=666
XDD Timer Calibration Info: Requested sleep time in nanoseconds=10000, Actual sleep time in nanoseconds=995
XDD Timer Calibration Info: Requested sleep time in nanoseconds=10000, Actual sleep time in nanoseconds=990
XDD Timer Calibration Info: Requested sleep time in nanoseconds=10000, Actual sleep time in nanoseconds=991
XDD Timer Calibration Info: Requested sleep time in nanoseconds=10000, Actual sleep time in nanoseconds=988
XDD Timer Calibration Info: Requested sleep time in nanoseconds=10000, Actual sleep time in nanoseconds=987
XDD Timer Calibration Info: Requested sleep time in nanoseconds=10000, Actual sleep time in nanoseconds=982
XDD Timer Calibration Info: Requested sleep time in nanoseconds=10000, Actual sleep time in nanoseconds=987
XDD Timer Calibration Info: Requested sleep time in nanoseconds=10000, Actual sleep time in nanoseconds=993
XDD Timer Calibration Info: Requested sleep time in nanoseconds=10000, Actual sleep time in nanoseconds=987
XDD Timer Calibration Info: Requested sleep time in nanoseconds=10000, Actual sleep time in nanoseconds=987
XDD Timer Calibration Info: Requested sleep time in nanoseconds=100000, Actual sleep time in nanoseconds=997
XDD Timer Calibration Info: Requested sleep time in nanoseconds=100000, Actual sleep time in nanoseconds=998
XDD Timer Calibration Info: Requested sleep time in nanoseconds=100000, Actual sleep time in nanoseconds=998
XDD Timer Calibration Info: Requested sleep time in nanoseconds=100000, Actual sleep time in nanoseconds=997
XDD Timer Calibration Info: Requested sleep time in nanoseconds=100000, Actual sleep time in nanoseconds=998
XDD Timer Calibration Info: Requested sleep time in nanoseconds=100000, Actual sleep time in nanoseconds=998
XDD Timer Calibration Info: Requested sleep time in nanoseconds=100000, Actual sleep time in nanoseconds=998
XDD Timer Calibration Info: Requested sleep time in nanoseconds=100000, Actual sleep time in nanoseconds=998
XDD Timer Calibration Info: Requested sleep time in nanoseconds=100000, Actual sleep time in nanoseconds=997
XDD Timer Calibration Info: Requested sleep time in nanoseconds=100000, Actual sleep time in nanoseconds=997
XDD Timer Calibration Info: Requested sleep time in nanoseconds=1000000, Actual sleep time in nanoseconds=997
XDD Timer Calibration Info: Requested sleep time in nanoseconds=1000000, Actual sleep time in nanoseconds=998
XDD Timer Calibration Info: Requested sleep time in nanoseconds=1000000, Actual sleep time in nanoseconds=1039
XDD Timer Calibration Info: Requested sleep time in nanoseconds=1000000, Actual sleep time in nanoseconds=997
XDD Timer Calibration Info: Requested sleep time in nanoseconds=1000000, Actual sleep time in nanoseconds=1039
XDD Timer Calibration Info: Requested sleep time in nanoseconds=1000000, Actual sleep time in nanoseconds=995
XDD Timer Calibration Info: Requested sleep time in nanoseconds=1000000, Actual sleep time in nanoseconds=1046
XDD Timer Calibration Info: Requested sleep time in nanoseconds=1000000, Actual sleep time in nanoseconds=994
XDD Timer Calibration Info: Requested sleep time in nanoseconds=1000000, Actual sleep time in nanoseconds=1048
XDD Timer Calibration Info: Requested sleep time in nanoseconds=1000000, Actual sleep time in nanoseconds=1047
XDD Timer Calibration Info: Requested sleep time in nanoseconds=10000000, Actual sleep time in nanoseconds=958
XDD Timer Calibration Info: Requested sleep time in nanoseconds=10000000, Actual sleep time in nanoseconds=956
XDD Timer Calibration Info: Requested sleep time in nanoseconds=10000000, Actual sleep time in nanoseconds=959
XDD Timer Calibration Info: Requested sleep time in nanoseconds=10000000, Actual sleep time in nanoseconds=950
XDD Timer Calibration Info: Requested sleep time in nanoseconds=10000000, Actual sleep time in nanoseconds=958
XDD Timer Calibration Info: Requested sleep time in nanoseconds=10000000, Actual sleep time in nanoseconds=948
XDD Timer Calibration Info: Requested sleep time in nanoseconds=10000000, Actual sleep time in nanoseconds=958
XDD Timer Calibration Info: Requested sleep time in nanoseconds=10000000, Actual sleep time in nanoseconds=948
XDD Timer Calibration Info: Requested sleep time in nanoseconds=10000000, Actual sleep time in nanoseconds=957
XDD Timer Calibration Info: Requested sleep time in nanoseconds=10000000, Actual sleep time in nanoseconds=950
XDD Timer Calibration Info: Requested sleep time in nanoseconds=100000000, Actual sleep time in nanoseconds=998
XDD Timer Calibration Info: Requested sleep time in nanoseconds=100000000, Actual sleep time in nanoseconds=998
XDD Timer Calibration Info: Requested sleep time in nanoseconds=100000000, Actual sleep time in nanoseconds=998
XDD Timer Calibration Info: Requested sleep time in nanoseconds=100000000, Actual sleep time in nanoseconds=997
XDD Timer Calibration Info: Requested sleep time in nanoseconds=100000000, Actual sleep time in nanoseconds=998
XDD Timer Calibration Info: Requested sleep time in nanoseconds=100000000, Actual sleep time in nanoseconds=997
XDD Timer Calibration Info: Requested sleep time in nanoseconds=100000000, Actual sleep time in nanoseconds=998
XDD Timer Calibration Info: Requested sleep time in nanoseconds=100000000, Actual sleep time in nanoseconds=997
XDD Timer Calibration Info: Requested sleep time in nanoseconds=100000000, Actual sleep time in nanoseconds=998
XDD Timer Calibration Info: Requested sleep time in nanoseconds=100000000, Actual sleep time in nanoseconds=998
XDD Timer Calibration Info: Requested sleep time in nanoseconds=1000000000, Actual sleep time in nanoseconds=1999
XDD Timer Calibration Info: Requested sleep time in nanoseconds=1000000000, Actual sleep time in nanoseconds=1998
XDD Timer Calibration Info: Requested sleep time in nanoseconds=1000000000, Actual sleep time in nanoseconds=5009
XDD Timer Calibration Info: Requested sleep time in nanoseconds=1000000000, Actual sleep time in nanoseconds=7017
XDD Timer Calibration Info: Requested sleep time in nanoseconds=1000000000, Actual sleep time in nanoseconds=8033
XDD Timer Calibration Info: Requested sleep time in nanoseconds=1000000000, Actual sleep time in nanoseconds=18088
XDD Timer Calibration Info: Requested sleep time in nanoseconds=1000000000, Actual sleep time in nanoseconds=44242
XDD Timer Calibration Info: Requested          sleep time in nanoseconds=1000000000, Actual sleep time in nanoseconds=44422
XDD Timer Calibration Info: Requested sleep time in nanoseconds=1000000000, Actual sleep time in nanoseconds=77080
XDD Timer Calibration Info: Requested sleep time in nanoseconds=1000000000, Actual sleep time in nanoseconds=83616
What               Pass  Target   Queue     Bytes_Xfered         Ops     Elapsed  Bandwidth       IOPS   Latency   Pct_CPU  Op_Type    Xfer_Size      E2E_S/R      E2E_I/O  E2E_Pct_S/R 
    UNITS>>      Number  Number  Number            Bytes        #ops     seconds   MBytes/s      Ops/s  millisec   percent     text        bytes      seconds      seconds      percent 
 COMBINED             1       1      10       1977777777         118       3.024    654.029     39.021    21.589  2188.169     read     16777216        22.21        25.53        86.98 
Ending time for this run, Mon Dec 21 15:36:05 2009

MD5SUM=124880c558ad0d43af5aa14d2f2625c2  /tmp/work/bws/datafiles/oddsize_file
