xdd.Linux: xdd_schedule_options: You must be super user to lock processes
IOIOIOIOIOIOIOIOIOIOI XDD version Linux.7.0.0.rc6.122109.Build.1315 based on Linux.7.0.0.rc6.121409.Build.1614 IOIOIOIOIOIOIOIOIOIOIOI
xdd - I/O Performance Inc., US DoE/DoD Extreme Scale Systems Center <ESSC> at Oak Ridge National Labs <ORNL> - Copyright 1992-2010

XDD DISCLAIMER:
 *** >>>> WARNING <<<<
 *** THIS PROGRAM CAN DESTROY DATA
 *** USE AT YOUR OWN RISK
 *** IOPERFORMANCE and/or THE AUTHORS ARE NOT LIABLE FOR
 *** >>>> ANYTHING BAD <<<<
 **** THAT HAPPENS WHEN YOU RUN THIS PROGRAM
     ...although we will take credit for anything good that happens
     but we are not *liable* for that either.


Starting time for this run, Mon Dec 21 15:39:19 2009

ID for this run, 'No ID Specified'
Maximum Process Priority, disabled
Passes, 1
Pass Delay in seconds, 0
Maximum Error Threshold, 0
Target Offset, 0
I/O Synchronization, 0
Total run-time limit in seconds, 0
Output file name, stdout
CSV output file name, 
Error output file name, stderr
Pass synchronization barriers, enabled
Number of Targets, 1
Number of I/O Threads, 1

Computer Name, dtn01.ccs.ornl.gov, User Name, bws
OS release and version, Linux 2.6.18-92.1.17.el5_lustre.1.6.7smp #1 SMP Mon Feb 9 19:56:55 MST 2009
Machine hardware type, x86_64
Number of processors on this system, 8
Page size in bytes, 4096
Number of physical pages, 6172047
Megabytes of physical memory, 24109
Clock Ticks per second, 100
Seconds before starting, 0
xdd.Linux: (0): xdd_open_target: NOTICE: target /tmp/work/bws/datafiles/4k_type_file does not exist so it will be created.
(PID 29610) xdd.Linux: You must run as superuser to lock memory for RW BUFFER
	Target[0] Q[0], /tmp/work/bws/datafiles/4k_type_file
		Target directory, "./"
		Process ID, 29610
		Thread ID, 29611
		Processor, all/any
		Read/write ratio,  0.00, 100.00
		Throttle in MB/sec,   0.00
		Per-pass time limit in seconds, 0
		Pass seek randomization, disabled
		File write synchronization, disabled
		Blocksize in bytes, 1024
		Request size, 128, blocks, 131072, bytes
		Start offset, 0
		Flushwrite interval, 0
		Number of Bytes, 0, of 2147483648, total Bytes to transfer
		Pass Offset in blocks, 0
		I/O memory buffer is a normal memory buffer
		I/O memory buffer alignment in bytes, 4096
		Data pattern in buffer,random 		Data buffer verification is disabled.
		Direct I/O, disabled
		Seek pattern, sequential
		Seek range, 1048576
		Preallocation, 0
		Queue Depth, 1
		Timestamping, disabled
		Delete file, disabled

   What               Pass  Target   Queue     Bytes_Xfered         Ops     Elapsed  Bandwidth       IOPS   Latency   Pct_CPU  Op_Type    Xfer_Size 
    UNITS>>      Number  Number  Number            Bytes        #ops     seconds   MBytes/s      Ops/s  millisec   percent     text        bytes 
 COMBINED             1       1       1       2147483648       16384     220.749      9.728     74.220    13.473    99.969    write       131072 
Ending time for this run, Mon Dec 21 15:43:00 2009

adding +E2ESRTIME+E2EIOTIME+E2EPERCENTSRTIME  to format string
IOIOIOIOIOIOIOIOIOIOI XDD version Linux.7.0.0.rc6.122109.Build.1315 based on Linux.7.0.0.rc6.121409.Build.1614 IOIOIOIOIOIOIOIOIOIOIOI
xdd - I/O Performance Inc., US DoE/DoD Extreme Scale Systems Center <ESSC> at Oak Ridge National Labs <ORNL> - Copyright 1992-2010

XDD DISCLAIMER:
 *** >>>> WARNING <<<<
 *** THIS PROGRAM CAN DESTROY DATA
 *** USE AT YOUR OWN RISK
 *** IOPERFORMANCE and/or THE AUTHORS ARE NOT LIABLE FOR
 *** >>>> ANYTHING BAD <<<<
 **** THAT HAPPENS WHEN YOU RUN THIS PROGRAM
     ...although we will take credit for anything good that happens
     but we are not *liable* for that either.


Starting time for this run, Mon Dec 21 15:43:00 2009

ID for this run, 'No ID Specified'
Maximum Process Priority, disabled
Passes, 1
Pass Delay in seconds, 0
Maximum Error Threshold, 0
Target Offset, 0
I/O Synchronization, 0
Total run-time limit in seconds, 0
Output file name, stdout
CSV output file name, 
Error output file name, stderr
Pass synchronization barriers, enabled
Number of Targets, 1
Number of I/O Threads, 10

Computer Name, dtn01.ccs.ornl.gov, User Name, ***unknown user login***
OS release and version, Linux 2.6.18-92.1.17.el5_lustre.1.6.7smp #1 SMP Mon Feb 9 19:56:55 MST 2009
Machine hardware type, x86_64
Number of processors on this system, 8
Page size in bytes, 4096
Number of physical pages, 6172047
Megabytes of physical memory, 24109
Clock Ticks per second, 100
Seconds before starting, 0
Starting now...
	Target[0] Q[0], /tmp/work/bws/datafiles/4k_type_file
		Target directory, "./"
		Process ID, 636
		Thread ID, 637
		Processor, all/any
		Read/write ratio, 100.00,  0.00
		Throttle in MB/sec,   0.00
		Per-pass time limit in seconds, 0
		Pass seek randomization, disabled
		File write synchronization, disabled
		Blocksize in bytes, 1024
		Request size, 16384, blocks, 16777216, bytes
		Start offset, 0
		Flushwrite interval, 0
		Number of Bytes, 0, of 2147483648, total Bytes to transfer
		Pass Offset in blocks, 0
		I/O memory buffer is a normal memory buffer
		I/O memory buffer alignment in bytes, 4096
		Data pattern in buffer,0x00
		Data buffer verification is disabled.
		Direct I/O, disabled
		Seek pattern, queued_interleaved
		Seek range, 1048576
		Preallocation, 0
		Queue Depth, 10
		Timestamping, disabled
		Delete file, disabled
		End-to-End ACTIVE: this target is the SOURCE side
		End-to-End Destination Address is 128.219.141.51 using port 40010 of ports 40010 thru 40019

Starting now...
Starting now...
Starting now...
Starting now...
Starting now...
Starting now...
Starting now...
Starting now...
Starting now...
XDD Timer Calibration Info: Average time to get time stamp=290000 nanoseconds
XDD Timer Calibration Info: Average time to get time stamp=260000 nanoseconds
XDD Timer Calibration Info: Average time to get time stamp=290000 nanoseconds
XDD Timer Calibration Info: Average time to get time stamp=200000 nanoseconds
XDD Timer Calibration Info: Average time to get time stamp=310000 nanoseconds
XDD Timer Calibration Info: Average time to get time stamp=140000 nanoseconds
XDD Timer Calibration Info: Average time to get time stamp=260000 nanoseconds
XDD Timer Calibration Info: Average time to get time stamp=260000 nanoseconds
XDD Timer Calibration Info: Average time to get time stamp=260000 nanoseconds
XDD Timer Calibration Info: Average time to get time stamp=250000 nanoseconds
XDD Timer Calibration Info: Requested sleep time in nanoseconds=1000, Actual sleep time in nanoseconds=1079
XDD Timer Calibration Info: Requested sleep time in nanoseconds=1000, Actual sleep time in nanoseconds=1041
XDD Timer Calibration Info: Requested sleep time in nanoseconds=1000, Actual sleep time in nanoseconds=1012
XDD Timer Calibration Info: Requested sleep time in nanoseconds=10000, Actual sleep time in nanoseconds=996
XDD Timer Calibration Info: Requested sleep time in nanoseconds=10000, Actual sleep time in nanoseconds=995
XDD Timer Calibration Info: Requested sleep time in nanoseconds=10000, Actual sleep time in nanoseconds=996
XDD Timer Calibration Info: Requested sleep time in nanoseconds=1000, Actual sleep time in nanoseconds=1972
XDD Timer Calibration Info: Requested sleep time in nanoseconds=1000, Actual sleep time in nanoseconds=1971
XDD Timer Calibration Info: Requested sleep time in nanoseconds=1000, Actual sleep time in nanoseconds=1958
XDD Timer Calibration Info: Requested sleep time in nanoseconds=1000, Actual sleep time in nanoseconds=1945
XDD Timer Calibration Info: Requested sleep time in nanoseconds=1000, Actual sleep time in nanoseconds=1923
XDD Timer Calibration Info: Requested sleep time in nanoseconds=1000, Actual sleep time in nanoseconds=1896
XDD Timer Calibration Info: Requested sleep time in nanoseconds=1000, Actual sleep time in nanoseconds=1869
XDD Timer Calibration Info: Requested sleep time in nanoseconds=100000, Actual sleep time in nanoseconds=996
XDD Timer Calibration Info: Requested sleep time in nanoseconds=100000, Actual sleep time in nanoseconds=996
XDD Timer Calibration Info: Requested sleep time in nanoseconds=100000, Actual sleep time in nanoseconds=996
XDD Timer Calibration Info: Requested sleep time in nanoseconds=10000, Actual sleep time in nanoseconds=990
XDD Timer Calibration Info: Requested sleep time in nanoseconds=10000, Actual sleep time in nanoseconds=991
XDD Timer Calibration Info: Requested sleep time in nanoseconds=10000, Actual sleep time in nanoseconds=1000
XDD Timer Calibration Info: Requested sleep time in nanoseconds=10000, Actual sleep time in nanoseconds=999
XDD Timer Calibration Info: Requested sleep time in nanoseconds=1000000, Actual sleep time in nanoseconds=1001
XDD Timer Calibration Info: Requested sleep time in nanoseconds=1000000, Actual sleep time in nanoseconds=1001
XDD Timer Calibration Info: Requested sleep time in nanoseconds=100000, Actual sleep time in nanoseconds=996
XDD Timer Calibration Info: Requested sleep time in nanoseconds=1000000, Actual sleep time in nanoseconds=997
XDD Timer Calibration Info: Requested sleep time in nanoseconds=100000, Actual sleep time in nanoseconds=995
XDD Timer Calibration Info: Requested sleep time in nanoseconds=100000, Actual sleep time in nanoseconds=1000
XDD Timer Calibration Info: Requested sleep time in nanoseconds=10000, Actual sleep time in nanoseconds=1993
XDD Timer Calibration Info: Requested sleep time in nanoseconds=10000, Actual sleep time in nanoseconds=1997
XDD Timer Calibration Info: Requested sleep time in nanoseconds=10000, Actual sleep time in nanoseconds=1997
XDD Timer Calibration Info: Requested sleep time in nanoseconds=100000, Actual sleep time in nanoseconds=1018
XDD Timer Calibration Info: Requested sleep time in nanoseconds=10000000, Actual sleep time in nanoseconds=995
XDD Timer Calibration Info: Requested sleep time in nanoseconds=1000000, Actual sleep time in nanoseconds=999
XDD Timer Calibration Info: Requested sleep time in nanoseconds=1000000, Actual sleep time in nanoseconds=991
XDD Timer Calibration Info: Requested sleep time in nanoseconds=10000000, Actual sleep time in nanoseconds=1025
XDD Timer Calibration Info: Requested sleep time in nanoseconds=1000000, Actual sleep time in nanoseconds=1017
XDD Timer Calibration Info: Requested sleep time in nanoseconds=10000000, Actual sleep time in nanoseconds=1983
XDD Timer Calibration Info: Requested sleep time in nanoseconds=100000, Actual sleep time in nanoseconds=1974
XDD Timer Calibration Info: Requested sleep time in nanoseconds=100000, Actual sleep time in nanoseconds=1975
XDD Timer Calibration Info: Requested sleep time in nanoseconds=100000, Actual sleep time in nanoseconds=1975
XDD Timer Calibration Info: Requested sleep time in nanoseconds=1000000, Actual sleep time in nanoseconds=1975
XDD Timer Calibration Info: Requested sleep time in nanoseconds=10000000, Actual sleep time in nanoseconds=1961
XDD Timer Calibration Info: Requested sleep time in nanoseconds=100000000, Actual sleep time in nanoseconds=1975
XDD Timer Calibration Info: Requested sleep time in nanoseconds=100000000, Actual sleep time in nanoseconds=1974
XDD Timer Calibration Info: Requested sleep time in nanoseconds=10000000, Actual sleep time in nanoseconds=1976
XDD Timer Calibration Info: Requested sleep time in nanoseconds=10000000, Actual sleep time in nanoseconds=1977
XDD Timer Calibration Info: Requested sleep time in nanoseconds=1000000, Actual sleep time in nanoseconds=1011
XDD Timer Calibration Info: Requested sleep time in nanoseconds=1000000, Actual sleep time in nanoseconds=1015
XDD Timer Calibration Info: Requested sleep time in nanoseconds=1000000, Actual sleep time in nanoseconds=1019
XDD Timer Calibration Info: Requested sleep time in nanoseconds=100000000, Actual sleep time in nanoseconds=1998
XDD Timer Calibration Info: Requested sleep time in nanoseconds=10000000, Actual sleep time in nanoseconds=1985
XDD Timer Calibration Info: Requested sleep time in nanoseconds=100000000, Actual sleep time in nanoseconds=1999
XDD Timer Calibration Info: Requested sleep time in nanoseconds=1000000000, Actual sleep time in nanoseconds=1999
XDD Timer Calibration Info: Requested sleep time in nanoseconds=100000000, Actual sleep time in nanoseconds=2002
XDD Timer Calibration Info: Requested sleep time in nanoseconds=100000000, Actual sleep time in nanoseconds=2001
XDD Timer Calibration Info: Requested sleep time in nanoseconds=1000000000, Actual sleep time in nanoseconds=2036
XDD Timer Calibration Info: Requested sleep time in nanoseconds=1000000000, Actual sleep time in nanoseconds=1992
XDD Timer Calibration Info: Requested sleep time in nanoseconds=1000000000, Actual sleep time in nanoseconds=3016
XDD Timer Calibration Info: Requested sleep time in nanoseconds=1000000000, Actual sleep time in nanoseconds=4012
XDD Timer Calibration Info: Requested sleep time in nanoseconds=1000000000, Actual sleep time in nanoseconds=9207
XDD Timer Calibration Info: Requested sleep time in nanoseconds=10000000, Actual sleep time in nanoseconds=34023
XDD Timer Calibration Info: Requested sleep time in nanoseconds=10000000, Actual sleep time in nanoseconds=34054
XDD Timer Calibration Info: Requested sleep time in nanoseconds=10000000, Actual sleep time in nanoseconds=34065
XDD Timer Calibration Info: Requested sleep time in nanoseconds=100000000, Actual sleep time in nanoseconds=62983
XDD Timer Calibration Info: Requested sleep time in nanoseconds=100000000, Actual sleep time in nanoseconds=88419
XDD Timer Calibration Info: Requested sleep time in nanoseconds=1000000000, Actual sleep time in nanoseconds=3051
XDD Timer Calibration Info: Requested sleep time in nanoseconds=1000000000, Actual sleep time in nanoseconds=62169
XDD Timer Calibration Info: Requested sleep time in nanoseconds=100000000, Actual sleep time in nanosecon         ds=135941
XDD Timer Calibration Info: Requested sleep time in nanoseconds=1000000000, Actual sleep time in nanoseconds=16218
XDD Timer Calibration Info: Requested sleep time in nanoseconds=100000000, Actual sleep time in nanoseconds=161242
XDD Timer Calibration Info: Requested sleep time in nanoseconds=1000000000, Actual sleep time in nanoseconds=1827
What               Pass  Target   Queue     Bytes_Xfered         Ops     Elapsed  Bandwidth       IOPS   Latency   Pct_CPU  Op_Type    Xfer_Size      E2E_S/R      E2E_I/O  E2E_Pct_S/R 
    UNITS>>      Number  Number  Number            Bytes        #ops     seconds   MBytes/s      Ops/s  millisec   percent     text        bytes      seconds      seconds      percent 
 COMBINED             1       1      10       2147483648         128       2.504    857.501     51.111    15.309  4085.292     read     16777216        11.52        19.63        58.67 
Ending time for this run, Mon Dec 21 15:43:03 2009

MD5SUM=89cc9714e665c6bfa2b5282051369893  /tmp/work/bws/datafiles/4k_type_file
